MAP
    NAME "Bodity"
    IMAGECOLOR 255 255 255
    SIZE 600 800
    IMAGETYPE PNG24
    PROJECTION
        "init=epsg:4326" #latlon on WGS84
    END #default projection
    EXTENT 36.82 6.3 39.85 7.9 # lon/lat extents of Boditi
    WEB
        METADATA
            "wms_title" "PhotogrammetryWMS"
            "wms_srs" "EPSG:4326 EPSG:3857" #latlon
            "wms_enable_request" "*"
            "ows_enable_request" "*"
            "map" "d:/iishome/student/s2578956/Photogrammetry-Website/configWMS.map"
            "ows_schemas_location" "http://schemas.opengeospatial.net"
            "ows_title" "PhotogrammetryWMS"
            "ows_onlineresource" "https://gisedu.itc.utwente.nl/cgi-bin/mapserv.exe?map=d:/iishome/student/s2578956/Photogrammetry-Website/configWMS.map&"
            "wms_onlineresource" "https://gisedu.itc.utwente.nl/cgi-bin/mapserv.exe?map=d:/iishome/student/s2578956/Photogrammetry-Website/configWMS.map&"
            "ows_srs" "EPSG:4326 EPSG:3857" #latlon
            "wms_feature_info_mime_type" "text/plain"
            "wms_feature_info_mime_type" "text/html"
            "wms_server_version" "1.3.0"
            "wms_formatlist" "image/png,image/gif,image/jpeg"
            "wms_format" "image/png"
        END #web metadata
    END #web

    LAYER
        NAME dtm
        STATUS ON
        TYPE RASTER
        TEMPLATE "empty"
        # DATA is now just a simple path to the file:
        DATA "data/bodity_reprojected.tif"
        CLASSITEM "[pixel]"
        METADATA
            "wms_title" "dtm"
            "wms_include_items" "all"
        END
        PROJECTION
         "init=epsg:4326"
        END
        CLASS
        NAME "Elevation: 1830 - 2150m"
            EXPRESSION ([pixel] >= 1840 AND [pixel] <= 2126)

            STYLE
          
              COLORRANGE 101 155 0 148 53 0          
              DATARANGE 1840 2126       
              RANGEITEM "pixel"
         
          END #STYLE
        END #class
     
    END # layer dtm

# LAYER
#   NAME "contour"
#   TYPE POLYGON
#   DATA "data/contour"
#   STATUS ON
#   CLASS
#   NAME "Countries"
#   OUTLINECOLOR 0 0 0
#   END
# END
# LAYER
#     NAME "contour"
#     TYPE LINE
#     STATUS ON
#     TOLERANCE 5
#     TOLERANCEUNITS pixels
#     METADATA
#       "wms_title" "contour"
#       "wms_include_items" "all"
#     END
#     PROJECTION
#       "init=epsg:4326"
#     END
#     CONNECTIONTYPE CONTOUR
#     DATA "data/bodity_reprojected.tif"
#     PROCESSING "BANDS=1"
#     PROCESSING "CONTOUR_ITEM=elevation"
#     PROCESSING "CONTOUR_INTERVAL=20"
#     GEOMTRANSFORM (smoothsia(generalize([shape], 0.25*[data_cellsize])))
#     LABELITEM "elevation"
#     CLASS
#       TEMPLATE "empty"
#       STYLE
#         WIDTH 0.5
#         COLOR 0 0 0
#       END #style 
#       # LABEL
#       #   COLOR  0 0 0
#       #   OUTLINECOLOR 255 255 255
#       #   FONT "sans"
#       #   SIZE 10
#       #   ANGLE AUTO
#       #   POSITION AUTO
#       # END #label 

#     END #class 
    
#   END #layer


LAYER
  NAME "contour"
  TYPE LINE
  STATUS ON
  TOLERANCE 5
  TOLERANCEUNITS pixels
  METADATA
    "wms_title" "contour"
    "wms_include_items" "all"
  END
  PROJECTION
    "init=epsg:4326"
  END
  DATA "data/contours_15m.shp"
  LABELITEM "elevation"
  CLASS
    TEMPLATE "empty"
    STYLE
      # WIDTH 0.5
      COLOR 0 0 0
    END #style 
    # LABEL
    #   COLOR  0 0 0
    #   OUTLINECOLOR 255 255 255
    #   FONT "sans"
    #   SIZE 10
    #   ANGLE AUTO
    #   POSITION AUTO
    # END #label 

  END #class 
  
END #layer

END #map